..........................................                               [100%]
============================== warnings summary ===============================
app\main.py:25
  C:\Users\Dell\Desktop\sweet_shop\backend\app\main.py:25: DeprecationWarning: 
          on_event is deprecated, use lifespan event handlers instead.
  
          Read more about it in the
          [FastAPI docs for Lifespan Events](https://fastapi.tiangolo.com/advanced/events/).
          
    @app.on_event("startup")

venv\Lib\site-packages\fastapi\applications.py:4580
  C:\Users\Dell\Desktop\sweet_shop\backend\venv\Lib\site-packages\fastapi\applications.py:4580: DeprecationWarning: 
          on_event is deprecated, use lifespan event handlers instead.
  
          Read more about it in the
          [FastAPI docs for Lifespan Events](https://fastapi.tiangolo.com/advanced/events/).
          
    return self.router.on_event(event_type)

tests/test_auth.py::TestUserRegistration::test_register_invalid_email
tests/test_auth.py::TestUserRegistration::test_register_short_password
tests/test_auth.py::TestUserRegistration::test_register_short_username
tests/test_auth.py::TestUserLogin::test_login_missing_credentials
tests/test_sweets.py::TestCreateSweet::test_create_sweet_invalid_price
tests/test_sweets.py::TestCreateSweet::test_create_sweet_invalid_quantity
tests/test_sweets.py::TestPurchaseSweet::test_purchase_invalid_quantity
tests/test_sweets.py::TestRestockSweet::test_restock_invalid_quantity
  C:\Users\Dell\Desktop\sweet_shop\backend\venv\Lib\site-packages\_pytest\python.py:166: DeprecationWarning: 'HTTP_422_UNPROCESSABLE_ENTITY' is deprecated. Use 'HTTP_422_UNPROCESSABLE_CONTENT' instead.
    result = testfunction(**testargs)

tests/test_auth.py: 3 warnings
tests/test_sweets.py: 25 warnings
  C:\Users\Dell\Desktop\sweet_shop\backend\app\utils\auth.py:32: DeprecationWarning: datetime.datetime.utcnow() is deprecated and scheduled for removal in a future version. Use timezone-aware objects to represent datetimes in UTC: datetime.datetime.now(datetime.UTC).
    expire = datetime.utcnow() + expires_delta

-- Docs: https://docs.pytest.org/en/stable/how-to/capture-warnings.html
42 passed, 38 warnings in 23.11s
